Performing C SOURCE FILE Test CMAKE_HAVE_LIBC_PTHREAD failed with the following output:
Change Dir: /home/inariindream/catkin_ws/src/turtlebot3_simulations/turtlebot3_gazebo/build/CMakeFiles/CMakeTmp

Run Build Command(s):/usr/bin/make -f Makefile cmTC_9dfe6/fast && /usr/bin/make  -f CMakeFiles/cmTC_9dfe6.dir/build.make CMakeFiles/cmTC_9dfe6.dir/build
make[1]: Entering directory '/home/inariindream/catkin_ws/src/turtlebot3_simulations/turtlebot3_gazebo/build/CMakeFiles/CMakeTmp'
Building C object CMakeFiles/cmTC_9dfe6.dir/src.c.o
/usr/bin/cc -DCMAKE_HAVE_LIBC_PTHREAD   -o CMakeFiles/cmTC_9dfe6.dir/src.c.o -c /home/inariindream/catkin_ws/src/turtlebot3_simulations/turtlebot3_gazebo/build/CMakeFiles/CMakeTmp/src.c
Linking C executable cmTC_9dfe6
/usr/bin/cmake -E cmake_link_script CMakeFiles/cmTC_9dfe6.dir/link.txt --verbose=1
/usr/bin/cc -rdynamic CMakeFiles/cmTC_9dfe6.dir/src.c.o -o cmTC_9dfe6 
/usr/bin/ld: CMakeFiles/cmTC_9dfe6.dir/src.c.o: in function `main':
src.c:(.text+0x46): undefined reference to `pthread_create'
/usr/bin/ld: src.c:(.text+0x52): undefined reference to `pthread_detach'
/usr/bin/ld: src.c:(.text+0x5e): undefined reference to `pthread_cancel'
/usr/bin/ld: src.c:(.text+0x6f): undefined reference to `pthread_join'
collect2: error: ld returned 1 exit status
make[1]: *** [CMakeFiles/cmTC_9dfe6.dir/build.make:99: cmTC_9dfe6] Error 1
make[1]: Leaving directory '/home/inariindream/catkin_ws/src/turtlebot3_simulations/turtlebot3_gazebo/build/CMakeFiles/CMakeTmp'
make: *** [Makefile:127: cmTC_9dfe6/fast] Error 2


Source file was:
#include <pthread.h>

static void* test_func(void* data)
{
  return data;
}

int main(void)
{
  pthread_t thread;
  pthread_create(&thread, NULL, test_func, NULL);
  pthread_detach(thread);
  pthread_cancel(thread);
  pthread_join(thread, NULL);
  pthread_atfork(NULL, NULL, NULL);
  pthread_exit(NULL);

  return 0;
}

Determining if the function pthread_create exists in the pthreads failed with the following output:
Change Dir: /home/inariindream/catkin_ws/src/turtlebot3_simulations/turtlebot3_gazebo/build/CMakeFiles/CMakeTmp

Run Build Command(s):/usr/bin/make -f Makefile cmTC_16bba/fast && /usr/bin/make  -f CMakeFiles/cmTC_16bba.dir/build.make CMakeFiles/cmTC_16bba.dir/build
make[1]: Entering directory '/home/inariindream/catkin_ws/src/turtlebot3_simulations/turtlebot3_gazebo/build/CMakeFiles/CMakeTmp'
Building C object CMakeFiles/cmTC_16bba.dir/CheckFunctionExists.c.o
/usr/bin/cc   -DCHECK_FUNCTION_EXISTS=pthread_create -o CMakeFiles/cmTC_16bba.dir/CheckFunctionExists.c.o -c /usr/share/cmake-3.23/Modules/CheckFunctionExists.c
Linking C executable cmTC_16bba
/usr/bin/cmake -E cmake_link_script CMakeFiles/cmTC_16bba.dir/link.txt --verbose=1
/usr/bin/cc  -DCHECK_FUNCTION_EXISTS=pthread_create -rdynamic CMakeFiles/cmTC_16bba.dir/CheckFunctionExists.c.o -o cmTC_16bba  -lpthreads 
/usr/bin/ld: cannot find -lpthreads
collect2: error: ld returned 1 exit status
make[1]: *** [CMakeFiles/cmTC_16bba.dir/build.make:99: cmTC_16bba] Error 1
make[1]: Leaving directory '/home/inariindream/catkin_ws/src/turtlebot3_simulations/turtlebot3_gazebo/build/CMakeFiles/CMakeTmp'
make: *** [Makefile:127: cmTC_16bba/fast] Error 2



Performing C SOURCE FILE Test CMAKE_HAVE_LIBC_PTHREAD failed with the following output:
Change Dir: /home/inariindream/catkin_ws/src/turtlebot3_simulations/turtlebot3_gazebo/build/CMakeFiles/CMakeTmp

Run Build Command(s):/usr/bin/make -f Makefile cmTC_591a2/fast && /usr/bin/make  -f CMakeFiles/cmTC_591a2.dir/build.make CMakeFiles/cmTC_591a2.dir/build
make[1]: Entering directory '/home/inariindream/catkin_ws/src/turtlebot3_simulations/turtlebot3_gazebo/build/CMakeFiles/CMakeTmp'
Building C object CMakeFiles/cmTC_591a2.dir/src.c.o
/usr/bin/cc -DCMAKE_HAVE_LIBC_PTHREAD   -o CMakeFiles/cmTC_591a2.dir/src.c.o -c /home/inariindream/catkin_ws/src/turtlebot3_simulations/turtlebot3_gazebo/build/CMakeFiles/CMakeTmp/src.c
Linking C executable cmTC_591a2
/usr/bin/cmake -E cmake_link_script CMakeFiles/cmTC_591a2.dir/link.txt --verbose=1
/usr/bin/cc -rdynamic CMakeFiles/cmTC_591a2.dir/src.c.o -o cmTC_591a2 
/usr/bin/ld: CMakeFiles/cmTC_591a2.dir/src.c.o: in function `main':
src.c:(.text+0x46): undefined reference to `pthread_create'
/usr/bin/ld: src.c:(.text+0x52): undefined reference to `pthread_detach'
/usr/bin/ld: src.c:(.text+0x5e): undefined reference to `pthread_cancel'
/usr/bin/ld: src.c:(.text+0x6f): undefined reference to `pthread_join'
collect2: error: ld returned 1 exit status
make[1]: *** [CMakeFiles/cmTC_591a2.dir/build.make:99: cmTC_591a2] Error 1
make[1]: Leaving directory '/home/inariindream/catkin_ws/src/turtlebot3_simulations/turtlebot3_gazebo/build/CMakeFiles/CMakeTmp'
make: *** [Makefile:127: cmTC_591a2/fast] Error 2


Source file was:
#include <pthread.h>

static void* test_func(void* data)
{
  return data;
}

int main(void)
{
  pthread_t thread;
  pthread_create(&thread, NULL, test_func, NULL);
  pthread_detach(thread);
  pthread_cancel(thread);
  pthread_join(thread, NULL);
  pthread_atfork(NULL, NULL, NULL);
  pthread_exit(NULL);

  return 0;
}

Determining if the function pthread_create exists in the pthreads failed with the following output:
Change Dir: /home/inariindream/catkin_ws/src/turtlebot3_simulations/turtlebot3_gazebo/build/CMakeFiles/CMakeTmp

Run Build Command(s):/usr/bin/make -f Makefile cmTC_ab7b1/fast && /usr/bin/make  -f CMakeFiles/cmTC_ab7b1.dir/build.make CMakeFiles/cmTC_ab7b1.dir/build
make[1]: Entering directory '/home/inariindream/catkin_ws/src/turtlebot3_simulations/turtlebot3_gazebo/build/CMakeFiles/CMakeTmp'
Building C object CMakeFiles/cmTC_ab7b1.dir/CheckFunctionExists.c.o
/usr/bin/cc   -DCHECK_FUNCTION_EXISTS=pthread_create -o CMakeFiles/cmTC_ab7b1.dir/CheckFunctionExists.c.o -c /usr/share/cmake-3.23/Modules/CheckFunctionExists.c
Linking C executable cmTC_ab7b1
/usr/bin/cmake -E cmake_link_script CMakeFiles/cmTC_ab7b1.dir/link.txt --verbose=1
/usr/bin/cc  -DCHECK_FUNCTION_EXISTS=pthread_create -rdynamic CMakeFiles/cmTC_ab7b1.dir/CheckFunctionExists.c.o -o cmTC_ab7b1  -lpthreads 
/usr/bin/ld: cannot find -lpthreads
collect2: error: ld returned 1 exit status
make[1]: *** [CMakeFiles/cmTC_ab7b1.dir/build.make:99: cmTC_ab7b1] Error 1
make[1]: Leaving directory '/home/inariindream/catkin_ws/src/turtlebot3_simulations/turtlebot3_gazebo/build/CMakeFiles/CMakeTmp'
make: *** [Makefile:127: cmTC_ab7b1/fast] Error 2



